../Core/Src/BNO055.c:71:6:Check_Status	40	static
../Core/Src/BNO055.c:144:6:SelectPage	32	static
../Core/Src/BNO055.c:159:6:ResetBNO055	32	static
../Core/Src/BNO055.c:193:6:ReadData	40	static
../Core/Src/BNO055.c:282:6:Set_Operation_Mode	32	static
../Core/Src/BNO055.c:306:6:SetPowerMODE	32	static
../Core/Src/BNO055.c:329:6:Clock_Source	32	static
../Core/Src/BNO055.c:342:6:BNO055_Axis	32	static
../Core/Src/BNO055.c:364:6:SET_Accel_Range	32	static
../Core/Src/BNO055.c:379:6:BNO055_Init	40	static
../Core/Src/BNO055.c:451:6:getCalibration	40	static
../Core/Src/BNO055.c:492:6:getSensorOffsets	40	static
../Core/Src/BNO055.c:518:6:setSensorOffsets	40	static
../Core/Src/BNO055.c:542:6:isFullyCalibrated	16	static
../Core/Src/BNO055.c:577:12:getCurrentMode	32	static
../Core/Src/BNO055.c:594:6:Calibrate_BNO055	24	static
../Core/Src/BNO055.c:656:19:BNO055_ReadEulerRaw	48	static
../Core/Src/BNO055.c:669:21:BNO055_ReadEulerFloat	56	static
../Core/Src/BNO055.c:686:6:BNO055_PrintEulerRaw	216	static
../Core/Src/BNO055.c:704:6:BNO055_SendEulerCAN	112	static
../Core/Src/BNO055.c:738:6:BNO055_SendGyroCAN	272	static
../Core/Src/BNO055.c:763:6:BNO055_PrintEulerDebug	272	static
