../Core/Src/main.c:143:6:HAL_TIM_PeriodElapsedCallback	16	static
../Core/Src/main.c:149:6:HAL_ADC_ConvCpltCallback	24	static
../Core/Src/main.c:168:5:main	96	static
../Core/Src/main.c:307:6:SystemClock_Config	88	static
../Core/Src/main.c:353:13:MX_ADC1_Init	24	static
../Core/Src/main.c:405:13:MX_CAN1_Init	8	static
../Core/Src/main.c:452:13:MX_CAN2_Init	8	static
../Core/Src/main.c:489:13:MX_CRC_Init	8	static
../Core/Src/main.c:515:13:MX_I2C3_Init	8	static
../Core/Src/main.c:549:13:MX_SPI2_Init	8	static
../Core/Src/main.c:587:13:MX_TIM1_Init	112	static
../Core/Src/main.c:675:13:MX_TIM2_Init	48	static
../Core/Src/main.c:733:13:MX_TIM3_Init	48	static
../Core/Src/main.c:791:13:MX_TIM4_Init	48	static
../Core/Src/main.c:849:13:MX_TIM6_Init	16	static
../Core/Src/main.c:887:13:MX_TIM7_Init	16	static
../Core/Src/main.c:925:13:MX_TIM8_Init	48	static
../Core/Src/main.c:984:13:MX_USART1_UART_Init	8	static
../Core/Src/main.c:1017:13:MX_USART2_UART_Init	8	static
../Core/Src/main.c:1050:13:MX_GPIO_Init	56	static
../Core/Src/main.c:1134:6:Error_Handler	4	static,ignoring_inline_asm
