../Core/Src/stm32f4xx_it.c:78:6:NMI_Handler	4	static
../Core/Src/stm32f4xx_it.c:93:6:HardFault_Handler	4	static
../Core/Src/stm32f4xx_it.c:108:6:MemManage_Handler	4	static
../Core/Src/stm32f4xx_it.c:123:6:BusFault_Handler	4	static
../Core/Src/stm32f4xx_it.c:138:6:UsageFault_Handler	4	static
../Core/Src/stm32f4xx_it.c:153:6:SVC_Handler	4	static
../Core/Src/stm32f4xx_it.c:166:6:DebugMon_Handler	4	static
../Core/Src/stm32f4xx_it.c:179:6:PendSV_Handler	4	static
../Core/Src/stm32f4xx_it.c:192:6:SysTick_Handler	8	static
../Core/Src/stm32f4xx_it.c:213:6:RCC_IRQHandler	4	static
../Core/Src/stm32f4xx_it.c:226:6:ADC_IRQHandler	8	static
../Core/Src/stm32f4xx_it.c:240:6:CAN1_TX_IRQHandler	8	static
../Core/Src/stm32f4xx_it.c:254:6:CAN1_RX0_IRQHandler	8	static
../Core/Src/stm32f4xx_it.c:268:6:CAN1_RX1_IRQHandler	8	static
../Core/Src/stm32f4xx_it.c:282:6:TIM1_BRK_TIM9_IRQHandler	8	static
../Core/Src/stm32f4xx_it.c:296:6:TIM1_UP_TIM10_IRQHandler	8	static
../Core/Src/stm32f4xx_it.c:310:6:TIM1_TRG_COM_TIM11_IRQHandler	8	static
../Core/Src/stm32f4xx_it.c:324:6:TIM1_CC_IRQHandler	8	static
../Core/Src/stm32f4xx_it.c:338:6:TIM2_IRQHandler	8	static
../Core/Src/stm32f4xx_it.c:352:6:TIM3_IRQHandler	8	static
../Core/Src/stm32f4xx_it.c:366:6:TIM4_IRQHandler	8	static
../Core/Src/stm32f4xx_it.c:380:6:USART1_IRQHandler	8	static
../Core/Src/stm32f4xx_it.c:394:6:USART2_IRQHandler	8	static
../Core/Src/stm32f4xx_it.c:408:6:TIM8_BRK_TIM12_IRQHandler	8	static
../Core/Src/stm32f4xx_it.c:422:6:TIM8_UP_TIM13_IRQHandler	8	static
../Core/Src/stm32f4xx_it.c:436:6:TIM8_TRG_COM_TIM14_IRQHandler	8	static
../Core/Src/stm32f4xx_it.c:450:6:TIM8_CC_IRQHandler	8	static
../Core/Src/stm32f4xx_it.c:464:6:TIM7_IRQHandler	8	static
